› Opening emulator Pixel_10
› Building app...
Configuration on demand is an incubating feature.
> Task :gradle-plugin:settings-plugin:checkKotlinGradlePluginConfigurationErrors SKIPPED
> Task :expo-gradle-plugin:expo-autolinking-plugin-shared:checkKotlinGradlePluginConfigurationErrors
> Task :gradle-plugin:shared:checkKotlinGradlePluginConfigurationErrors SKIPPED
> Task :expo-gradle-plugin:expo-autolinking-plugin-shared:compileKotlin UP-TO-DATE
> Task :expo-gradle-plugin:expo-autolinking-plugin-shared:compileJava NO-SOURCE
> Task :expo-gradle-plugin:expo-autolinking-plugin-shared:processResources NO-SOURCE
> Task :expo-gradle-plugin:expo-autolinking-plugin-shared:classes UP-TO-DATE
> Task :gradle-plugin:shared:compileKotlin UP-TO-DATE
> Task :expo-gradle-plugin:expo-autolinking-plugin-shared:jar UP-TO-DATE
> Task :gradle-plugin:shared:compileJava NO-SOURCE
> Task :gradle-plugin:shared:processResources NO-SOURCE
> Task :expo-gradle-plugin:expo-autolinking-settings-plugin:checkKotlinGradlePluginConfigurationErrors
> Task :gradle-plugin:shared:classes UP-TO-DATE
> Task :gradle-plugin:shared:jar UP-TO-DATE
> Task :expo-gradle-plugin:expo-autolinking-settings-plugin:compileKotlin UP-TO-DATE
> Task :expo-gradle-plugin:expo-autolinking-settings-plugin:compileJava NO-SOURCE
> Task :expo-gradle-plugin:expo-autolinking-settings-plugin:pluginDescriptors UP-TO-DATE
> Task :gradle-plugin:settings-plugin:compileKotlin UP-TO-DATE
> Task :gradle-plugin:settings-plugin:compileJava NO-SOURCE
> Task :gradle-plugin:settings-plugin:pluginDescriptors UP-TO-DATE
> Task :expo-gradle-plugin:expo-autolinking-settings-plugin:processResources UP-TO-DATE
> Task :expo-gradle-plugin:expo-autolinking-settings-plugin:classes UP-TO-DATE
> Task :gradle-plugin:settings-plugin:processResources UP-TO-DATE
> Task :gradle-plugin:settings-plugin:classes UP-TO-DATE
> Task :expo-gradle-plugin:expo-autolinking-settings-plugin:jar UP-TO-DATE
> Task :gradle-plugin:settings-plugin:jar UP-TO-DATE
> Task :gradle-plugin:react-native-gradle-plugin:checkKotlinGradlePluginConfigurationErrors SKIPPED
> Task :expo-gradle-plugin:expo-autolinking-plugin:checkKotlinGradlePluginConfigurationErrors
> Task :expo-module-gradle-plugin:checkKotlinGradlePluginConfigurationErrors
> Task :expo-module-gradle-plugin:pluginDescriptors UP-TO-DATE
> Task :expo-module-gradle-plugin:processResources UP-TO-DATE
> Task :expo-gradle-plugin:expo-autolinking-plugin:compileKotlin UP-TO-DATE
> Task :gradle-plugin:react-native-gradle-plugin:compileKotlin UP-TO-DATE
> Task :expo-gradle-plugin:expo-autolinking-plugin:compileJava NO-SOURCE
> Task :expo-gradle-plugin:expo-autolinking-plugin:pluginDescriptors UP-TO-DATE
> Task :gradle-plugin:react-native-gradle-plugin:compileJava NO-SOURCE
> Task :expo-gradle-plugin:expo-autolinking-plugin:processResources UP-TO-DATE
> Task :expo-gradle-plugin:expo-autolinking-plugin:classes UP-TO-DATE
> Task :gradle-plugin:react-native-gradle-plugin:pluginDescriptors UP-TO-DATE
> Task :expo-gradle-plugin:expo-autolinking-plugin:jar UP-TO-DATE
> Task :gradle-plugin:react-native-gradle-plugin:processResources UP-TO-DATE
> Task :gradle-plugin:react-native-gradle-plugin:classes UP-TO-DATE
> Task :gradle-plugin:react-native-gradle-plugin:jar UP-TO-DATE
> Task :expo-module-gradle-plugin:compileKotlin UP-TO-DATE
> Task :expo-module-gradle-plugin:compileJava NO-SOURCE
> Task :expo-module-gradle-plugin:classes UP-TO-DATE
> Task :expo-module-gradle-plugin:jar UP-TO-DATE

> Configure project :
[32m[ExpoRootProject][0m Using the following versions:
  - buildTools:  [32m36.0.0[0m
  - minSdk:      [32m24[0m
  - compileSdk:  [32m36[0m
  - targetSdk:   [32m36[0m
  - ndk:         [32m27.1.12297006[0m
  - kotlin:      [32m2.0.21[0m
  - ksp:         [32m2.0.21-1.0.28[0m
WARNING: We recommend using a newer Android Gradle plugin to use compileSdk = 36

This Android Gradle plugin (8.8.2) was tested up to compileSdk = 35.

You are strongly encouraged to update your project to use a newer
Android Gradle plugin that has been tested with compileSdk = 36.

If you are already using the latest version of the Android Gradle plugin,
you may need to wait until a newer version with support for compileSdk = 36 is available.

For more information refer to the compatibility table:
https://d.android.com/r/tools/api-level-support

To suppress this warning, add/update
    android.suppressUnsupportedCompileSdk=36
to this project's gradle.properties.

> Configure project :notifee_react-native
:notifee_react-native @notifee/react-native found at /Users/macbook/Eduxl/EduxlSuper/node_modules/@notifee/react-native
:notifee_react-native package.json found at /Users/macbook/Eduxl/EduxlSuper/node_modules/@notifee/react-native/package.json
:notifee_react-native:version set from package.json: 9.1.8 (9,1,8 - 9001008)
:notifee_react-native:android.compileSdk using custom value: 36
:notifee_react-native:android.targetSdk using custom value: 36
:notifee_react-native:android.minSdk using custom value: 24
:notifee_react-native:reactNativeAndroidDir /Users/macbook/Eduxl/EduxlSuper/node_modules/react-native/android

> Configure project :react-native-firebase_app
:react-native-firebase_app package.json found at /Users/macbook/Eduxl/EduxlSuper/node_modules/@react-native-firebase/app/package.json
:react-native-firebase_app:firebase.bom using default value: 34.16.0
:react-native-firebase_app:play.play-services-auth using default value: 21.5.0
:react-native-firebase_app package.json found at /Users/macbook/Eduxl/EduxlSuper/node_modules/@react-native-firebase/app/package.json
:react-native-firebase_app:version set from package.json: 26.1.0 (26,1,0 - 26001000)
:react-native-firebase_app:android.compileSdk using custom value: 36
:react-native-firebase_app:android.targetSdk using custom value: 36
:react-native-firebase_app:android.minSdk using custom value: 24
:react-native-firebase_app:reactNativeAndroidDir /Users/macbook/Eduxl/EduxlSuper/node_modules/react-native/android

> Configure project :react-native-firebase_messaging
:react-native-firebase_messaging package.json found at /Users/macbook/Eduxl/EduxlSuper/node_modules/@react-native-firebase/messaging/package.json
:react-native-firebase_app package.json found at /Users/macbook/Eduxl/EduxlSuper/node_modules/@react-native-firebase/app/package.json
:react-native-firebase_messaging:firebase.bom using default value: 34.16.0
:react-native-firebase_messaging package.json found at /Users/macbook/Eduxl/EduxlSuper/node_modules/@react-native-firebase/messaging/package.json
:react-native-firebase_messaging:version set from package.json: 26.1.0 (26,1,0 - 26001000)
:react-native-firebase_messaging:android.compileSdk using custom value: 36
:react-native-firebase_messaging:android.targetSdk using custom value: 36
:react-native-firebase_messaging:android.minSdk using custom value: 24
:react-native-firebase_messaging:reactNativeAndroidDir /Users/macbook/Eduxl/EduxlSuper/node_modules/react-native/android

> Configure project :expo

Using expo modules
  - [32mexpo-constants[0m (17.1.8)
  - [32mexpo-in-app-updates[0m (0.1.0)
  - [32mexpo-modules-core[0m (2.5.0)
  - [33m[📦][0m [32mexpo-asset[0m (11.1.7)
  - [33m[📦][0m [32mexpo-audio[0m (0.4.9)
  - [33m[📦][0m [32mexpo-clipboard[0m (7.1.5)
  - [33m[📦][0m [32mexpo-document-picker[0m (13.1.6)
  - [33m[📦][0m [32mexpo-file-system[0m (18.1.11)
  - [33m[📦][0m [32mexpo-font[0m (13.3.2)
  - [33m[📦][0m [32mexpo-keep-awake[0m (14.1.4)
  - [33m[📦][0m [32mexpo-linear-gradient[0m (14.1.5)
  - [33m[📦][0m [32mexpo-sharing[0m (13.1.5)
  - [33m[📦][0m [32mexpo-video[0m (2.2.3)


[Incubating] Problems report is available at: file:///Users/macbook/Eduxl/EduxlSuper/android/build/reports/problems/problems-report.html

FAILURE: Build failed with an exception.

* What went wrong:
Could not determine the dependencies of task ':app:processDebugResources'.
> Could not resolve all dependencies for configuration ':app:debugRuntimeClasspath'.
   > Could not find any matches for app.notifee:core:+ as no versions of app.notifee:core are available.
     Searched in the following locations:
       - file:/Users/macbook/Eduxl/EduxlSuper/node_modules/react-native/android/app/notifee/core/maven-metadata.xml
       - https://dl.google.com/dl/android/maven2/app/notifee/core/maven-metadata.xml
       - https://repo.maven.apache.org/maven2/app/notifee/core/maven-metadata.xml
       - https://www.jitpack.io/app/notifee/core/maven-metadata.xml
       - https://central.sonatype.com/repository/maven-snapshots/app/notifee/core/maven-metadata.xml
     Required by:
         project :app > project :notifee_react-native

* Try:
> Run with --stacktrace option to get the stack trace.
> Run with --info or --debug option to get more log output.
> Run with --scan to get full insights.
> Get more help at https://help.gradle.org.

Deprecated Gradle features were used in this build, making it incompatible with Gradle 9.0.

You can use '--warning-mode all' to show the individual deprecation warnings and determine if they come from your own scripts or plugins.

For more on this, please refer to https://docs.gradle.org/8.13/userguide/command_line_interface.html#sec:command_line_warnings in the Gradle documentation.

BUILD FAILED in 13s
28 actionable tasks: 4 executed, 24 up-to-date
Error: /Users/macbook/Eduxl/EduxlSuper/android/gradlew app:assembleDebug -x lint -x test --configure-on-demand --build-cache -PreactNativeDevServerPort=8081 -PreactNativeArchitectures=arm64-v8a exited with non-zero code: 1
Error: /Users/macbook/Eduxl/EduxlSuper/android/gradlew app:assembleDebug -x lint -x test --configure-on-demand --build-cache -PreactNativeDevServerPort=8081 -PreactNativeArchitectures=arm64-v8a exited with non-zero code: 1
    at ChildProcess.completionListener (/Users/macbook/Eduxl/EduxlSuper/node_modules/@expo/spawn-async/src/spawnAsync.ts:67:13)
    at Object.onceWrapper (node:events:631:26)
    at ChildProcess.emit (node:events:509:28)
    at maybeClose (node:internal/child_process:1124:16)
    at Process.ChildProcess._handle.onexit (node:internal/child_process:306:5)
    ...
    at spawnAsync (/Users/macbook/Eduxl/EduxlSuper/node_modules/@expo/spawn-async/src/spawnAsync.ts:28:21)
    at spawnGradleAsync (/Users/macbook/Eduxl/EduxlSuper/node_modules/@expo/cli/src/start/platforms/android/gradle.ts:134:28)
    at assembleAsync (/Users/macbook/Eduxl/EduxlSuper/node_modules/@expo/cli/src/start/platforms/android/gradle.ts:83:16)
    at runAndroidAsync (/Users/macbook/Eduxl/EduxlSuper/node_modules/@expo/cli/src/run/android/runAndroidAsync.ts:62:24)
